#-----------------------------------------------------------
# Vivado v2018.3 (64-bit)
# SW Build 2405991 on Thu Dec  6 23:38:27 MST 2018
# IP Build 2404404 on Fri Dec  7 01:43:56 MST 2018
# Start of session at: Mon Mar 27 14:11:12 2023
# Process ID: 1940
# Current directory: C:/Users/jgiletta/Documents/Capacitaciones/spl_2023/ws1_design_flow/project_ws1/project_ws1.runs/lab1_mem_test_processing_system7_0_0_synth_1
# Command line: vivado.exe -log lab1_mem_test_processing_system7_0_0.vds -product Vivado -mode batch -messageDb vivado.pb -notrace -source lab1_mem_test_processing_system7_0_0.tcl
# Log file: C:/Users/jgiletta/Documents/Capacitaciones/spl_2023/ws1_design_flow/project_ws1/project_ws1.runs/lab1_mem_test_processing_system7_0_0_synth_1/lab1_mem_test_processing_system7_0_0.vds
# Journal file: C:/Users/jgiletta/Documents/Capacitaciones/spl_2023/ws1_design_flow/project_ws1/project_ws1.runs/lab1_mem_test_processing_system7_0_0_synth_1\vivado.jou
#-----------------------------------------------------------
source lab1_mem_test_processing_system7_0_0.tcl -notrace
